// Jest Snapshot v1, https://goo.gl/fbAQLP

exports[`<UserIndex /> snapshot 1`] = `
<Fragment>
  <Styled(MuiBox)
    display="flex"
    justifyContent="space-between"
    mb="10px"
  >
    <UserSearch />
    <UserCreate />
  </Styled(MuiBox)>
  <Wrapper />
</Fragment>
`;
